Starting TimeTraceOne API Endpoint Testing...
Base URL: http://localhost:5155
================================================
Authenticating...
âo. Authentication successful!

Testing Authentication Endpoints...
âo. Login - POST /api/auth/login - Status: 200
âo. Get Current User - GET /api/auth/me - Status: 200
â?O Refresh Token - POST /api/auth/refresh - Error: The remote server returned an error: (400) Bad Request.
âo. Logout - POST /api/auth/logout - Status: 200

Testing User Management Endpoints...
âo. Get All Users - GET /api/users - Status: 200
âo. Get User by ID - GET /api/users/00000000-0000-0000-0000-000000000001 - Status: 200
â?O Create User - POST /api/users - Error: The remote server returned an error: (400) Bad Request.
âo. Update User - PUT /api/users/00000000-0000-0000-0000-000000000001 - Status: 200
â?O Delete User - DELETE /api/users/00000000-0000-0000-0000-000000000001 - Error: The remote server returned an error: (500) Internal Server Error.
âo. Get User Statistics - GET /api/users/00000000-0000-0000-0000-000000000001/statistics - Status: 200
âo. Get User Reports - GET /api/users/00000000-0000-0000-0000-000000000001/reports?startDate=2024-01-01&endDate=2024-01-31 - Status: 200
âo. Get User Associated Projects - GET /api/users/00000000-0000-0000-0000-000000000001/projects - Status: 200

Testing Time Entry Management Endpoints...
âo. Get All Time Entries - GET /api/timeentries - Status: 200
â?O Get Time Entry by ID - GET /api/timeentries/00000000-0000-0000-0000-000000000012 - Error: The remote server returned an error: (404) Not Found.
âo. Create Time Entry - POST /api/timeentries - Status: 201
â?O Update Time Entry - PUT /api/timeentries/00000000-0000-0000-0000-000000000012 - Error: The remote server returned an error: (404) Not Found.
â?O Delete Time Entry - DELETE /api/timeentries/00000000-0000-0000-0000-000000000012 - Error: The remote server returned an error: (404) Not Found.
âo. Get Time Entries by Date - GET /api/timeentries/date/2024-01-01 - Status: 200
âo. Get Time Entries by User - GET /api/timeentries/user/00000000-0000-0000-0000-000000000004 - Status: 200
âo. Get Time Entries by Project - GET /api/timeentries/project/00000000-0000-0000-0000-000000000009 - Status: 200
âo. Get Time Entries by Date Range - GET /api/timeentries/range?startDate=2024-01-01&endDate=2024-01-31 - Status: 200
âo. Get Time Entry Status - GET /api/timeentries/status/2024-01-01 - Status: 200
âo. Search Time Entries - GET /api/timeentries/search?q=development - Status: 200
âo. Filter Time Entries - GET /api/timeentries/filter?startDate=2024-01-01&endDate=2024-01-31&projectId=00000000-0000-0000-0000-000000000009 - Status: 200
âo. Update Weekly Time Entries - PUT /api/timeentries/weekly/2024-01-01 - Status: 200

Testing Project Management Endpoints...
âo. Get All Projects - GET /api/projects - Status: 200
â?O Get Project by ID - GET /api/projects/3fc309a0-5500-47db-99e0-2824a1e54418 - Error: The remote server returned an error: (404) Not Found.
âo. Create Project - POST /api/projects - Status: 201
â?O Update Project - PUT /api/projects/3fc309a0-5500-47db-99e0-2824a1e54418 - Error: The remote server returned an error: (400) Bad Request.
â?O Delete Project - DELETE /api/projects/3fc309a0-5500-47db-99e0-2824a1e54418 - Error: The remote server returned an error: (400) Bad Request.
â?O Get Project Statistics - GET /api/projects/3fc309a0-5500-47db-99e0-2824a1e54418/statistics - Error: The remote server returned an error: (500) Internal Server Error.
âo. Get Project Team Members - GET /api/projects/3fc309a0-5500-47db-99e0-2824a1e54418/team - Status: 200
â?O Add Team to Project - POST /api/projects/3fc309a0-5500-47db-99e0-2824a1e54418/teams - Error: The remote server returned an error: (500) Internal Server Error.
â?O Remove Team from Project - DELETE /api/projects/3fc309a0-5500-47db-99e0-2824a1e54418/teams/5f9c8346-c6b0-402c-856a-1e53e3124f66 - Error: The remote server returned an error: (500) Internal Server Error.

Testing Product Management Endpoints...
âo. Get All Products - GET /api/products - Status: 200
â?O Get Product by ID - GET /api/products/871e9cd3-17d1-4d63-8b3b-153a498d990a - Error: The remote server returned an error: (404) Not Found.
âo. Create Product - POST /api/products - Status: 201
â?O Update Product - PUT /api/products/871e9cd3-17d1-4d63-8b3b-153a498d990a - Error: The remote server returned an error: (400) Bad Request.
â?O Delete Product - DELETE /api/products/871e9cd3-17d1-4d63-8b3b-153a498d990a - Error: The remote server returned an error: (400) Bad Request.
âo. Get Product Statistics - GET /api/products/871e9cd3-17d1-4d63-8b3b-153a498d990a/statistics - Status: 200

Testing Department Management Endpoints...
âo. Get All Departments - GET /api/departments - Status: 200
âo. Get Department by ID - GET /api/departments/00000000-0000-0000-0000-000000000005 - Status: 200
âo. Create Department - POST /api/departments - Status: 201
âo. Update Department - PUT /api/departments/00000000-0000-0000-0000-000000000005 - Status: 200
â?O Delete Department - DELETE /api/departments/00000000-0000-0000-0000-000000000005 - Error: The remote server returned an error: (500) Internal Server Error.

Testing Team Management Endpoints...
âo. Get All Teams - GET /api/teams - Status: 200
â?O Get Team by ID - GET /api/teams/5f9c8346-c6b0-402c-856a-1e53e3124f66 - Error: The remote server returned an error: (404) Not Found.
âo. Create Team - POST /api/teams - Status: 201
â?O Update Team - PUT /api/teams/5f9c8346-c6b0-402c-856a-1e53e3124f66 - Error: The remote server returned an error: (400) Bad Request.
â?O Delete Team - DELETE /api/teams/5f9c8346-c6b0-402c-856a-1e53e3124f66 - Error: The remote server returned an error: (400) Bad Request.
â?O Add Team Member - POST /api/teams/5f9c8346-c6b0-402c-856a-1e53e3124f66/members - Error: The remote server returned an error: (400) Bad Request.
â?O Remove Team Member - DELETE /api/teams/5f9c8346-c6b0-402c-856a-1e53e3124f66/members/00000000-0000-0000-0000-000000000004 - Error: The remote server returned an error: (400) Bad Request.
â?O Update Team Leader - PUT /api/teams/5f9c8346-c6b0-402c-856a-1e53e3124f66/leader - Error: The remote server returned an error: (500) Internal Server Error.
â?O Associate Team Project - POST /api/teams/5f9c8346-c6b0-402c-856a-1e53e3124f66/projects - Error: The remote server returned an error: (400) Bad Request.
â?O Associate Team Product - POST /api/teams/5f9c8346-c6b0-402c-856a-1e53e3124f66/products - Error: The remote server returned an error: (400) Bad Request.
â?O Associate Team Department - POST /api/teams/5f9c8346-c6b0-402c-856a-1e53e3124f66/departments - Error: The remote server returned an error: (400) Bad Request.

Testing Reports and Analytics Endpoints...
âo. Get User Reports - GET /api/reports/users?startDate=2024-01-01&endDate=2024-01-31 - Status: 200
âo. Get Team Reports - GET /api/reports/teams?startDate=2024-01-01&endDate=2024-01-31 - Status: 200
âo. Get System Reports - GET /api/reports/system?startDate=2024-01-01&endDate=2024-01-31 - Status: 200
âo. Get Department Performance - GET /api/reports/departments/00000000-0000-0000-0000-000000000005?startDate=2024-01-01&endDate=2024-01-31 - Status: 200
â?O Get Project Performance - GET /api/reports/projects/00000000-0000-0000-0000-000000000009?startDate=2024-01-01&endDate=2024-01-31 - Error: The remote server returned an error: (500) Internal Server Error.
âo. Export CSV Report - GET /api/reports/export/csv?startDate=2024-01-01&endDate=2024-01-31&type=users - Status: 200
âo. Export PDF Report - GET /api/reports/export/pdf?startDate=2024-01-01&endDate=2024-01-31&type=users - Status: 200
âo. Search Time Entries - GET /api/reports/search?query=development&startDate=2024-01-01&endDate=2024-01-31 - Status: 200
âo. Get Top Projects for Department - GET /api/reports/departments/00000000-0000-0000-0000-000000000005/top-projects?startDate=2024-01-01&endDate=2024-01-31 - Status: 200

Testing Notification System Endpoints...
âo. Get All Notifications - GET /api/notifications - Status: 200
â?O Get Notification by ID - GET /api/notifications/00000000-0000-0000-0000-000000000014 - Error: The remote server returned an error: (404) Not Found.
â?O Create Notification - POST /api/notifications - Error: The remote server returned an error: (500) Internal Server Error.
â?O Mark Notification as Read - PUT /api/notifications/00000000-0000-0000-0000-000000000014/read - Error: The remote server returned an error: (404) Not Found.
âo. Mark All Notifications as Read - PUT /api/notifications/read-all - Status: 200
â?O Delete Notification - DELETE /api/notifications/00000000-0000-0000-0000-000000000014 - Error: The remote server returned an error: (404) Not Found.

Testing Validation and Utility Endpoints...
âo. Validate Time Entry - POST /api/validation/time-entry - Status: 200
âo. Get User Available Hours - GET /api/validation/available-hours/00000000-0000-0000-0000-000000000001?date=2024-01-01 - Status: 200
âo. Validate User Access - GET /api/validation/user-access/00000000-0000-0000-0000-000000000001 - Status: 200
âo. Validate Team Access - GET /api/validation/team-access/00000000-0000-0000-0000-000000000001 - Status: 200
âo. Validate Project Access - GET /api/validation/project-access/00000000-0000-0000-0000-000000000001 - Status: 200

TESTING SUMMARY
==================
Total Endpoints Tested: 76
Successful (200): 41
Failed/Errors: 35
Success Rate: 53.95%

FAILED ENDPOINTS:
===================
â?¢ Refresh Token - POST /api/auth/refresh
  Error: The remote server returned an error: (400) Bad Request.

â?¢ Create User - POST /api/users
  Error: The remote server returned an error: (400) Bad Request.

â?¢ Delete User - DELETE /api/users/00000000-0000-0000-0000-000000000001
  Error: The remote server returned an error: (500) Internal Server Error.

â?¢ Get Time Entry by ID - GET /api/timeentries/00000000-0000-0000-0000-000000000012
  Error: The remote server returned an error: (404) Not Found.

â?¢ Create Time Entry - POST /api/timeentries

â?¢ Update Time Entry - PUT /api/timeentries/00000000-0000-0000-0000-000000000012
  Error: The remote server returned an error: (404) Not Found.

â?¢ Delete Time Entry - DELETE /api/timeentries/00000000-0000-0000-0000-000000000012
  Error: The remote server returned an error: (404) Not Found.

â?¢ Get Project by ID - GET /api/projects/3fc309a0-5500-47db-99e0-2824a1e54418
  Error: The remote server returned an error: (404) Not Found.

â?¢ Create Project - POST /api/projects

â?¢ Update Project - PUT /api/projects/3fc309a0-5500-47db-99e0-2824a1e54418
  Error: The remote server returned an error: (400) Bad Request.

â?¢ Delete Project - DELETE /api/projects/3fc309a0-5500-47db-99e0-2824a1e54418
  Error: The remote server returned an error: (400) Bad Request.

â?¢ Get Project Statistics - GET /api/projects/3fc309a0-5500-47db-99e0-2824a1e54418/statistics
  Error: The remote server returned an error: (500) Internal Server Error.

â?¢ Add Team to Project - POST /api/projects/3fc309a0-5500-47db-99e0-2824a1e54418/teams
  Error: The remote server returned an error: (500) Internal Server Error.

â?¢ Remove Team from Project - DELETE /api/projects/3fc309a0-5500-47db-99e0-2824a1e54418/teams/5f9c8346-c6b0-402c-856a-1e53e3124f66
  Error: The remote server returned an error: (500) Internal Server Error.

â?¢ Get Product by ID - GET /api/products/871e9cd3-17d1-4d63-8b3b-153a498d990a
  Error: The remote server returned an error: (404) Not Found.

â?¢ Create Product - POST /api/products

â?¢ Update Product - PUT /api/products/871e9cd3-17d1-4d63-8b3b-153a498d990a
  Error: The remote server returned an error: (400) Bad Request.

â?¢ Delete Product - DELETE /api/products/871e9cd3-17d1-4d63-8b3b-153a498d990a
  Error: The remote server returned an error: (400) Bad Request.

â?¢ Create Department - POST /api/departments

â?¢ Delete Department - DELETE /api/departments/00000000-0000-0000-0000-000000000005
  Error: The remote server returned an error: (500) Internal Server Error.

â?¢ Get Team by ID - GET /api/teams/5f9c8346-c6b0-402c-856a-1e53e3124f66
  Error: The remote server returned an error: (404) Not Found.

â?¢ Create Team - POST /api/teams

â?¢ Update Team - PUT /api/teams/5f9c8346-c6b0-402c-856a-1e53e3124f66
  Error: The remote server returned an error: (400) Bad Request.

â?¢ Delete Team - DELETE /api/teams/5f9c8346-c6b0-402c-856a-1e53e3124f66
  Error: The remote server returned an error: (400) Bad Request.

â?¢ Add Team Member - POST /api/teams/5f9c8346-c6b0-402c-856a-1e53e3124f66/members
  Error: The remote server returned an error: (400) Bad Request.

â?¢ Remove Team Member - DELETE /api/teams/5f9c8346-c6b0-402c-856a-1e53e3124f66/members/00000000-0000-0000-0000-000000000004
  Error: The remote server returned an error: (400) Bad Request.

â?¢ Update Team Leader - PUT /api/teams/5f9c8346-c6b0-402c-856a-1e53e3124f66/leader
  Error: The remote server returned an error: (500) Internal Server Error.

â?¢ Associate Team Project - POST /api/teams/5f9c8346-c6b0-402c-856a-1e53e3124f66/projects
  Error: The remote server returned an error: (400) Bad Request.

â?¢ Associate Team Product - POST /api/teams/5f9c8346-c6b0-402c-856a-1e53e3124f66/products
  Error: The remote server returned an error: (400) Bad Request.

â?¢ Associate Team Department - POST /api/teams/5f9c8346-c6b0-402c-856a-1e53e3124f66/departments
  Error: The remote server returned an error: (400) Bad Request.

â?¢ Get Project Performance - GET /api/reports/projects/00000000-0000-0000-0000-000000000009?startDate=2024-01-01&endDate=2024-01-31
  Error: The remote server returned an error: (500) Internal Server Error.

â?¢ Get Notification by ID - GET /api/notifications/00000000-0000-0000-0000-000000000014
  Error: The remote server returned an error: (404) Not Found.

â?¢ Create Notification - POST /api/notifications
  Error: The remote server returned an error: (500) Internal Server Error.

â?¢ Mark Notification as Read - PUT /api/notifications/00000000-0000-0000-0000-000000000014/read
  Error: The remote server returned an error: (404) Not Found.

â?¢ Delete Notification - DELETE /api/notifications/00000000-0000-0000-0000-000000000014
  Error: The remote server returned an error: (404) Not Found.

SUCCESSFUL ENDPOINTS:
=======================
â?¢ Login - POST /api/auth/login - Status: 200
â?¢ Get Current User - GET /api/auth/me - Status: 200
â?¢ Logout - POST /api/auth/logout - Status: 200
â?¢ Get All Users - GET /api/users - Status: 200
â?¢ Get User by ID - GET /api/users/00000000-0000-0000-0000-000000000001 - Status: 200
â?¢ Update User - PUT /api/users/00000000-0000-0000-0000-000000000001 - Status: 200
â?¢ Get User Statistics - GET /api/users/00000000-0000-0000-0000-000000000001/statistics - Status: 200
â?¢ Get User Reports - GET /api/users/00000000-0000-0000-0000-000000000001/reports?startDate=2024-01-01&endDate=2024-01-31 - Status: 200
â?¢ Get User Associated Projects - GET /api/users/00000000-0000-0000-0000-000000000001/projects - Status: 200
â?¢ Get All Time Entries - GET /api/timeentries - Status: 200
â?¢ Get Time Entries by Date - GET /api/timeentries/date/2024-01-01 - Status: 200
â?¢ Get Time Entries by User - GET /api/timeentries/user/00000000-0000-0000-0000-000000000004 - Status: 200
â?¢ Get Time Entries by Project - GET /api/timeentries/project/00000000-0000-0000-0000-000000000009 - Status: 200
â?¢ Get Time Entries by Date Range - GET /api/timeentries/range?startDate=2024-01-01&endDate=2024-01-31 - Status: 200
â?¢ Get Time Entry Status - GET /api/timeentries/status/2024-01-01 - Status: 200
â?¢ Search Time Entries - GET /api/timeentries/search?q=development - Status: 200
â?¢ Filter Time Entries - GET /api/timeentries/filter?startDate=2024-01-01&endDate=2024-01-31&projectId=00000000-0000-0000-0000-000000000009 - Status: 200
â?¢ Update Weekly Time Entries - PUT /api/timeentries/weekly/2024-01-01 - Status: 200
â?¢ Get All Projects - GET /api/projects - Status: 200
â?¢ Get Project Team Members - GET /api/projects/3fc309a0-5500-47db-99e0-2824a1e54418/team - Status: 200
â?¢ Get All Products - GET /api/products - Status: 200
â?¢ Get Product Statistics - GET /api/products/871e9cd3-17d1-4d63-8b3b-153a498d990a/statistics - Status: 200
â?¢ Get All Departments - GET /api/departments - Status: 200
â?¢ Get Department by ID - GET /api/departments/00000000-0000-0000-0000-000000000005 - Status: 200
â?¢ Update Department - PUT /api/departments/00000000-0000-0000-0000-000000000005 - Status: 200
â?¢ Get All Teams - GET /api/teams - Status: 200
â?¢ Get User Reports - GET /api/reports/users?startDate=2024-01-01&endDate=2024-01-31 - Status: 200
â?¢ Get Team Reports - GET /api/reports/teams?startDate=2024-01-01&endDate=2024-01-31 - Status: 200
â?¢ Get System Reports - GET /api/reports/system?startDate=2024-01-01&endDate=2024-01-31 - Status: 200
â?¢ Get Department Performance - GET /api/reports/departments/00000000-0000-0000-0000-000000000005?startDate=2024-01-01&endDate=2024-01-31 - Status: 200
â?¢ Export CSV Report - GET /api/reports/export/csv?startDate=2024-01-01&endDate=2024-01-31&type=users - Status: 200
â?¢ Export PDF Report - GET /api/reports/export/pdf?startDate=2024-01-01&endDate=2024-01-31&type=users - Status: 200
â?¢ Search Time Entries - GET /api/reports/search?query=development&startDate=2024-01-01&endDate=2024-01-31 - Status: 200
â?¢ Get Top Projects for Department - GET /api/reports/departments/00000000-0000-0000-0000-000000000005/top-projects?startDate=2024-01-01&endDate=2024-01-31 - Status: 200
â?¢ Get All Notifications - GET /api/notifications - Status: 200
â?¢ Mark All Notifications as Read - PUT /api/notifications/read-all - Status: 200
â?¢ Validate Time Entry - POST /api/validation/time-entry - Status: 200
â?¢ Get User Available Hours - GET /api/validation/available-hours/00000000-0000-0000-0000-000000000001?date=2024-01-01 - Status: 200
â?¢ Validate User Access - GET /api/validation/user-access/00000000-0000-0000-0000-000000000001 - Status: 200
â?¢ Validate Team Access - GET /api/validation/team-access/00000000-0000-0000-0000-000000000001 - Status: 200
â?¢ Validate Project Access - GET /api/validation/project-access/00000000-0000-0000-0000-000000000001 - Status: 200

Testing completed!
Results exported to: endpoint-test-results.csv
